// Jest Snapshot v1, https://goo.gl/fbAQLP

exports[`should match Snapshot 1`] = `
"<footer className=\\"wrapper\\">
  <div className=\\"container\\">
    <div className=\\"wordsWrapper\\">
      <div className=\\"footerLinks\\">
        <div className=\\"footerLinksRow\\">
          <Link href=\\"https://infrastructure.gov.au/utilities/feedback.aspx\\" className=\\"staticLink\\" unstyled={false}>
            Give feedback
          </Link>
          <Link href=\\"/additional-information#privacy\\" className=\\"staticLink\\" unstyled={false}>
            Privacy policy
          </Link>
          <Link href=\\"/additional-information#accessibility\\" className=\\"staticLink\\" unstyled={false}>
            Accessibility
          </Link>
          <Link href=\\"/additional-information#security\\" className=\\"staticLink\\" unstyled={false}>
            Security
          </Link>
          <Link href=\\"/additional-information#content-credit\\" className=\\"staticLink\\" unstyled={false}>
            Content credit
          </Link>
        </div>
        <div className=\\"footerLinksRow\\">
          Got a question on the Performance Framework? Contact the department
          : 
          <Link href=\\"mailto:nationalcitiesperformanceframework@infrastructure.gov.au?subject=Performance framework\\" className=\\"staticLink\\" unstyled={false}>
            nationalcitiesperformanceframework@infrastructure.gov.au
          </Link>
        </div>
        <div className=\\"footerLinksRow\\">
          <Link href=\\"https://data.gov.au/dataset/national-cities-performance-framework\\" className=\\"staticLink\\" unstyled={false}>
            View all raw data at data.gov.au
          </Link>
        </div>
      </div>
      <div className=\\"copyright\\">
        Â© Commonwealth of Australia. With the exception of the Commonwealth Coat of Arms and where otherwise noted, this work is licensed under the CC BY 4.0 license.
      </div>
    </div>
  </div>
</footer>"
`;
