// Jest Snapshot v1, https://goo.gl/fbAQLP

exports[`should match Snapshot 1`] = `
"<div className=\\"wrapper\\">
  <button className=\\"closeButton\\" onClick={[Function]} aria-label=\\"close navigation menu\\">
    âœ•
  </button>
  <NavLink className=\\"coaWrapper\\" to=\\"/all-cities/overview\\" activeClassName=\\"active\\" ariaCurrent=\\"true\\">
    <img className=\\"coa\\" src=\\"DoIRDC_Stacked_reverse.svg\\" alt=\\"coat of arms\\" />
  </NavLink>
  <Connect(CityNav) cityId=\\"perth\\" />
</div>"
`;
